
> syncloudpos@0.1.0 build
> next build

node.exe : ظأب Warning: Next.js inferred 
your workspace root, but it may not be 
correct.
At C:\Program Files\nodejs\npm.ps1:29 
char:3
+   & $NODE_EXE $NPM_CLI_JS $args
+   ~~~~~~~~~~~~~~~~~~~~~~~~~~~~~
    + CategoryInfo          : NotSpecified 
   : (ظأب Warning: Ne...not be correct.:S  
  tring) [], RemoteException
    + FullyQualifiedErrorId : NativeComman 
   dError
 
 We detected multiple lockfiles and 
selected the directory of 
C:\Users\tre\package-lock.json as the root 
directory.
 To silence this warning, set 
`turbopack.root` in your Next.js config, 
or consider removing one of the lockfiles 
if it's not needed.
   See https://nextjs.org/docs/app/api-refe
rence/config/next-config-js/turbopack#root-
directory for more information.
 Detected additional lockfiles: 
   * C:\Users\tre\Documents\SYNCLOUDPOS\pac
kage-lock.json

ظû▓ Next.js 16.1.6 (Turbopack)
- Environments: .env

ظأب The "middleware" file convention is 
deprecated. Please use "proxy" instead. 
Learn more: https://nextjs.org/docs/message
s/middleware-to-proxy
  Creating an optimized production build ...

> Build error occurred
Error: Turbopack build failed with 1 
errors:
./Documents/SYNCLOUDPOS/src/components/purc
hases/ocr-receipt-uploader.tsx:9:1
Module not found: Can't resolve 
'@/components/ui/progress'
[0m [90m  7 |[39m [36mimport[39m { 
createWorker } [36mfrom[39m 
[32m"tesseract.js"[39m
 [90m  8 |[39m [36mimport[39m { toast 
} [36mfrom[39m 
[32m"react-hot-toast"[39m
[31m[1m>[22m[39m[90m  9 |[39m 
[36mimport[39m { [33mProgress[39m } 
[36mfrom[39m 
[32m"@/components/ui/progress"[39m
 [90m    |[39m [31m[1m^[22m[39m[31m
[1m^[22m[39m[31m[1m^[22m[39m[31m[1m
^[22m[39m[31m[1m^[22m[39m[31m[1m^[
22m[39m[31m[1m^[22m[39m[31m[1m^[22m
[39m[31m[1m^[22m[39m[31m[1m^[22m[3
9m[31m[1m^[22m[39m[31m[1m^[22m[39m
[31m[1m^[22m[39m[31m[1m^[22m[39m[31
m[1m^[22m[39m[31m[1m^[22m[39m[31m[
1m^[22m[39m[31m[1m^[22m[39m[31m[1m^
[22m[39m[31m[1m^[22m[39m[31m[1m^[2
2m[39m[31m[1m^[22m[39m[31m[1m^[22m
[39m[31m[1m^[22m[39m[31m[1m^[22m[39
m[31m[1m^[22m[39m[31m[1m^[22m[39m[
31m[1m^[22m[39m[31m[1m^[22m[39m[31m
[1m^[22m[39m[31m[1m^[22m[39m[31m[1
m^[22m[39m[31m[1m^[22m[39m[31m[1m^
[22m[39m[31m[1m^[22m[39m[31m[1m^[22
m[39m[31m[1m^[22m[39m[31m[1m^[22m[
39m[31m[1m^[22m[39m[31m[1m^[22m[39m
[31m[1m^[22m[39m[31m[1m^[22m[39m[3
1m[1m^[22m[39m[31m[1m^[22m[39m[31m
[1m^[22m[39m[31m[1m^[22m[39m[31m[1m
^[22m[39m[31m[1m^[22m[39m[31m[1m^[
22m[39m[31m[1m^[22m[39m[31m[1m^[22m
[39m
 [90m 10 |[39m
 [90m 11 |[39m [36minterface[39m 
[33mOcrReceiptUploaderProps[39m {
 [90m 12 |[39m     
onProductsExtracted[33m:[39m 
(items[33m:[39m { name[33m:[39m 
string[33m,[39m price[33m:[39m 
number[33m,[39m quantity[33m:[39m 
number }[]) [33m=>[39m 
[36mvoid[39m[33m;[39m[0m

Import map: aliased to relative 
'./src/components/ui/progress' inside of 
[project]/Documents/SYNCLOUDPOS


Import traces:
  Client Component Browser:
    ./Documents/SYNCLOUDPOS/src/components/
purchases/ocr-receipt-uploader.tsx [Client 
Component Browser]
    ./Documents/SYNCLOUDPOS/src/components/
purchases/purchase-form.tsx [Client 
Component Browser]
    ./Documents/SYNCLOUDPOS/src/components/
purchases/purchase-form.tsx [Server 
Component]
    ./Documents/SYNCLOUDPOS/src/app/[locale
]/(dashboard)/purchases/[purchaseId]/page.t
sx [Server Component]

  Client Component SSR:
    ./Documents/SYNCLOUDPOS/src/components/
purchases/ocr-receipt-uploader.tsx [Client 
Component SSR]
    ./Documents/SYNCLOUDPOS/src/components/
purchases/purchase-form.tsx [Client 
Component SSR]
    ./Documents/SYNCLOUDPOS/src/components/
purchases/purchase-form.tsx [Server 
Component]
    ./Documents/SYNCLOUDPOS/src/app/[locale
]/(dashboard)/purchases/[purchaseId]/page.t
sx [Server Component]

https://nextjs.org/docs/messages/module-not
-found


    at <unknown> (./Documents/SYNCLOUDPOS/s
rc/components/purchases/ocr-receipt-uploade
r.tsx:9:1)
    at <unknown> (https://nextjs.org/docs/m
essages/module-not-found)
