
> syncloudpos@0.1.0 build
> next build

node.exe : ظأب `eslint` configuration in 
next.config.ts is no longer supported. See 
more info here: https://nextjs.org/docs/app
/api-reference/cli/next#next-lint-options
At C:\Program Files\nodejs\npm.ps1:29 
char:3
+   & $NODE_EXE $NPM_CLI_JS $args
+   ~~~~~~~~~~~~~~~~~~~~~~~~~~~~~
    + CategoryInfo          : NotSpecified 
   : (ظأب `eslint` co...xt-lint-options:S  
  tring) [], RemoteException
    + FullyQualifiedErrorId : NativeComman 
   dError
 
ظأب Invalid next.config.ts options 
detected: 
ظأب     Unrecognized key(s) in object: 
'eslint'
ظأب See more info here: https://nextjs.org/
docs/messages/invalid-next-config
ظأب Warning: Next.js inferred your 
workspace root, but it may not be correct.
 We detected multiple lockfiles and 
selected the directory of 
C:\Users\tre\package-lock.json as the root 
directory.
 To silence this warning, set 
`turbopack.root` in your Next.js config, 
or consider removing one of the lockfiles 
if it's not needed.
   See https://nextjs.org/docs/app/api-refe
rence/config/next-config-js/turbopack#root-
directory for more information.
 Detected additional lockfiles: 
   * C:\Users\tre\Documents\SYNCLOUDPOS\pac
kage-lock.json

ظû▓ Next.js 16.1.6 (Turbopack)
- Environments: .env

  Creating an optimized production build ...

> Build error occurred
Error: Turbopack build failed with 2 
errors:
./Documents/SYNCLOUDPOS/src/actions/spoilag
e.ts:4:1
Module not found: Can't resolve 
'@/lib/auth'
[0m [90m 2 |[39m
 [90m 3 |[39m [36mimport[39m db 
[36mfrom[39m [32m"@/lib/db"[39m
[31m[1m>[22m[39m[90m 4 |[39m 
[36mimport[39m { getTenantId } 
[36mfrom[39m [32m"@/lib/auth"[39m
 [90m   |[39m [31m[1m^[22m[39m[31m[
1m^[22m[39m[31m[1m^[22m[39m[31m[1m^
[22m[39m[31m[1m^[22m[39m[31m[1m^[2
2m[39m[31m[1m^[22m[39m[31m[1m^[22m
[39m[31m[1m^[22m[39m[31m[1m^[22m[39
m[31m[1m^[22m[39m[31m[1m^[22m[39m[
31m[1m^[22m[39m[31m[1m^[22m[39m[31m
[1m^[22m[39m[31m[1m^[22m[39m[31m[1
m^[22m[39m[31m[1m^[22m[39m[31m[1m^
[22m[39m[31m[1m^[22m[39m[31m[1m^[22
m[39m[31m[1m^[22m[39m[31m[1m^[22m[
39m[31m[1m^[22m[39m[31m[1m^[22m[39m
[31m[1m^[22m[39m[31m[1m^[22m[39m[3
1m[1m^[22m[39m[31m[1m^[22m[39m[31m
[1m^[22m[39m[31m[1m^[22m[39m[31m[1m
^[22m[39m[31m[1m^[22m[39m[31m[1m^[
22m[39m[31m[1m^[22m[39m[31m[1m^[22m
[39m[31m[1m^[22m[39m[31m[1m^[22m[3
9m[31m[1m^[22m[39m[31m[1m^[22m[39m
 [90m 5 |[39m [36mimport[39m { 
revalidatePath } [36mfrom[39m 
[32m"next/cache"[39m
 [90m 6 |[39m [36mimport[39m { auth } 
[36mfrom[39m [32m"@/auth"[39m
 [90m 7 |[39m[0m

Import map: aliased to relative 
'./src/lib/auth' inside of 
[project]/Documents/SYNCLOUDPOS


Import trace:
  Server Component:
    ./Documents/SYNCLOUDPOS/src/actions/spo
ilage.ts
    ./Documents/SYNCLOUDPOS/src/app/[locale
]/(dashboard)/avaries/page.tsx

https://nextjs.org/docs/messages/module-not
-found


./Documents/SYNCLOUDPOS/src/actions/spoilag
e.ts:3:1
Export default doesn't exist in target 
module
[0m [90m 1 |[39m [32m"use server"[39m
 [90m 2 |[39m
[31m[1m>[22m[39m[90m 3 |[39m 
[36mimport[39m db [36mfrom[39m 
[32m"@/lib/db"[39m
 [90m   |[39m [31m[1m^[22m[39m[31m[
1m^[22m[39m[31m[1m^[22m[39m[31m[1m^
[22m[39m[31m[1m^[22m[39m[31m[1m^[2
2m[39m[31m[1m^[22m[39m[31m[1m^[22m
[39m[31m[1m^[22m[39m[31m[1m^[22m[39
m[31m[1m^[22m[39m[31m[1m^[22m[39m[
31m[1m^[22m[39m[31m[1m^[22m[39m[31m
[1m^[22m[39m[31m[1m^[22m[39m[31m[1
m^[22m[39m[31m[1m^[22m[39m[31m[1m^
[22m[39m[31m[1m^[22m[39m[31m[1m^[22
m[39m[31m[1m^[22m[39m[31m[1m^[22m[
39m[31m[1m^[22m[39m[31m[1m^[22m[39m
 [90m 4 |[39m [36mimport[39m { 
getTenantId } [36mfrom[39m 
[32m"@/lib/auth"[39m
 [90m 5 |[39m [36mimport[39m { 
revalidatePath } [36mfrom[39m 
[32m"next/cache"[39m
 [90m 6 |[39m [36mimport[39m { auth } 
[36mfrom[39m [32m"@/auth"[39m[0m

The export default was not found in module 
[project]/Documents/SYNCLOUDPOS/src/lib/db.
ts [app-rsc] (ecmascript).
Did you mean to import db?
All exports of the module are statically 
known (It doesn't have dynamic exports). 
So it's known statically that the 
requested export doesn't exist.

Import trace:
  Server Component:
    ./Documents/SYNCLOUDPOS/src/actions/spo
ilage.ts
    ./Documents/SYNCLOUDPOS/src/app/[locale
]/(dashboard)/avaries/page.tsx


    at <unknown> (./Documents/SYNCLOUDPOS/s
rc/actions/spoilage.ts:4:1)
    at <unknown> (https://nextjs.org/docs/m
essages/module-not-found)
    at <unknown> (./Documents/SYNCLOUDPOS/s
rc/actions/spoilage.ts:3:1)
